[2026-06-19 22:27:17] [INFO] Control repository root: D:\workspace\Browser4Team\submodules\Browser4
[2026-06-19 22:27:17] [INFO] Target repository root: D:\workspace\Browser4Team\submodules\Browser4\coworker\
[2026-06-19 22:27:17] [INFO] Agent working directory: D:\workspace\Browser4Team\submodules\Browser4\coworker\
[2026-06-19 22:27:17] [INFO] ===========================================================================
[2026-06-19 22:27:17] [INFO] Coworker Task Runner - PowerShell Version
[2026-06-19 22:27:17] [INFO] Started at: 06/19/2026 22:27:17
[2026-06-19 22:27:17] [INFO] Script Log: D:\workspace\Browser4Team\submodules\Browser4\coworker\tasks\300logs\2026\06\19\222717-coworker.log
[2026-06-19 22:27:17] [INFO] ==========================================================================
[2026-06-19 22:27:17] [INFO] [PREPARE] Task: 1.md
[2026-06-19 22:27:17] [INFO] [PREPARE] Task: 2.md
[2026-06-19 22:27:17] [INFO] [PREPARE] Task: 3.md
[2026-06-19 22:27:17] [INFO] [PREPARE] Task: 4.md
[2026-06-19 22:27:17] [INFO] [PREPARE] Task: 5.md
[2026-06-19 22:27:17] [INFO] [PREPARE] Task: README.md
[2026-06-19 22:27:17] [INFO] [PREPARE] Task: README.zh.md
[2026-06-19 22:27:17] [DEBUG] renameScript path: D:\workspace\Browser4Team\submodules\Browser4\coworker\scripts\workers\rename.ps1
[2026-06-19 22:27:17] [DEBUG] Test-Path renameScript: True
[2026-06-19 22:27:23] [INFO] Renamed in created: 20260619-222658-readme-update-browser4-agentic-src-main-resources-skills-README.md.md -> Something-else-entirely.md
[2026-06-19 22:27:23] [INFO] Moved to working: D:\workspace\Browser4Team\submodules\Browser4\coworker\tasks\2working\Something-else-entirely.md
[2026-06-19 22:27:23] [INFO] Memory context initialized via generator.
[2026-06-19 22:27:23] [DEBUG] Task log will be written to: D:\workspace\Browser4Team\submodules\Browser4\coworker\tasks\300logs\2026\06\19\222717-Something-else-entirely.task.log
[2026-06-19 22:27:23] [INFO] Executing agent for task: Something-else-entirely
[2026-06-19 22:27:23] [INFO] Task repositories -> control: D:\workspace\Browser4Team\submodules\Browser4 | target: D:\workspace\Browser4Team\submodules\Browser4\coworker\ | Agent cwd: D:\workspace\Browser4Team\submodules\Browser4\coworker\
[2026-06-19 22:27:23] [DEBUG] Prompt length: 1149 characters
[2026-06-19 22:27:23] [INFO] === Starting agent execution ===
[2026-06-19 22:27:23] [DEBUG] Task agent working directory: D:\workspace\Browser4Team\submodules\Browser4\coworker\
[2026-06-19 22:27:29] [INFO] Agent execution finished with exit code 0
[2026-06-19 22:27:29] [INFO] === Agent execution completed ===
[2026-06-19 22:27:29] [DEBUG] Agent external tool log: D:\workspace\Browser4Team\submodules\Browser4\coworker\tasks\300logs\2026\06\19\222717-Something-else-entirely.agent.log
[2026-06-19 22:27:29] [INFO] Task AUTO-APPROVED and moved to : D:\workspace\Browser4Team\submodules\Browser4\coworker\tasks\5approved\2026\0619\Something-else-entirely.md
[2026-06-19 22:27:29] [INFO] ---
[2026-06-19 22:27:29] [DEBUG] renameScript path: D:\workspace\Browser4Team\submodules\Browser4\coworker\scripts\workers\rename.ps1
[2026-06-19 22:27:29] [DEBUG] Test-Path renameScript: True
[2026-06-19 22:27:37] [INFO] Renamed in created: 20260619-222658-readme-update-browser4-tests-browser4-tests-common-src-main-resources-static-README.md.md -> Feel-free-to-describe-what-you-re-working-on-and-I-ll-help.md
[2026-06-19 22:27:37] [INFO] Moved to working: D:\workspace\Browser4Team\submodules\Browser4\coworker\tasks\2working\Feel-free-to-describe-what-you-re-working-on-and-I-ll-help.md
[2026-06-19 22:27:37] [INFO] Memory context initialized via generator.
[2026-06-19 22:27:37] [DEBUG] Task log will be written to: D:\workspace\Browser4Team\submodules\Browser4\coworker\tasks\300logs\2026\06\19\222717-Feel-free-to-describe-what-you-re-working-on-and-I-ll-help.task.log
[2026-06-19 22:27:37] [INFO] Executing agent for task: Feel-free-to-describe-what-you-re-working-on-and-I-ll-help
[2026-06-19 22:27:37] [INFO] Task repositories -> control: D:\workspace\Browser4Team\submodules\Browser4 | target: D:\workspace\Browser4Team\submodules\Browser4\coworker\ | Agent cwd: D:\workspace\Browser4Team\submodules\Browser4\coworker\
[2026-06-19 22:27:37] [DEBUG] Prompt length: 1184 characters
[2026-06-19 22:27:37] [INFO] === Starting agent execution ===
[2026-06-19 22:27:37] [DEBUG] Task agent working directory: D:\workspace\Browser4Team\submodules\Browser4\coworker\
[2026-06-19 22:27:58] [INFO] Agent execution finished with exit code 0
[2026-06-19 22:27:58] [INFO] === Agent execution completed ===
[2026-06-19 22:27:58] [DEBUG] Agent external tool log: D:\workspace\Browser4Team\submodules\Browser4\coworker\tasks\300logs\2026\06\19\222717-Feel-free-to-describe-what-you-re-working-on-and-I-ll-help.agent.log
[2026-06-19 22:27:58] [INFO] Task AUTO-APPROVED and moved to : D:\workspace\Browser4Team\submodules\Browser4\coworker\tasks\5approved\2026\0619\Feel-free-to-describe-what-you-re-working-on-and-I-ll-help.md
[2026-06-19 22:27:58] [INFO] ---
[2026-06-19 22:27:58] [INFO] ===========================================================================
[2026-06-19 22:27:58] [INFO] All tasks completed
[2026-06-19 22:27:58] [INFO] Ended at: 06/19/2026 22:27:58
[2026-06-19 22:27:58] [INFO] Script Log: D:\workspace\Browser4Team\submodules\Browser4\coworker\tasks\300logs\2026\06\19\222717-coworker.log
[2026-06-19 22:27:58] [INFO] ==========================================================================
