Task: The-changes-are-unstaged-want-me-to-commit-them
Description: Task from The-changes-are-unstaged-want-me-to-commit-them.md
Original File: The-changes-are-unstaged-want-me-to-commit-them.md
Control Repo: D:\workspace\Browser4Team\submodules\Browser4
Target Repo: D:\workspace\Browser4Team\submodules\Browser4\coworker\
Agent Working Directory: D:\workspace\Browser4Team\submodules\Browser4\coworker\
Started: 2026-06-19 22:38:21
Prompt:
Finish the task described in file: D:\workspace\Browser4Team\submodules\Browser4\coworker\tasks\2working\The-changes-are-unstaged-want-me-to-commit-them.md.
Do not move **this** task file, just execute the task based on its content, the system will move it after you finished the task.

*** MEMORY UPDATE INSTRUCTIONS ***
You have a memory system to help you learn and improve.
Your memory files are located in: D:\workspace\Browser4Team\submodules\Browser4\coworker\tasks\300logs

After completing the task, you MUST update your daily memory file: D:\workspace\Browser4Team\submodules\Browser4\coworker\tasks\300logs\2026\06\19\MEMORY.20260619.md
1. Append a summary of this task, its outcome, and any lessons learned to D:\workspace\Browser4Team\submodules\Browser4\coworker\tasks\300logs\2026\06\19\MEMORY.20260619.md.
2. Check if the Monthly Memory file (D:\workspace\Browser4Team\submodules\Browser4\coworker\tasks\300logs\2026\06\MEMORY.202606.md) has been updated with the previous day's summary. If not, summarize all daily memories from this month (excluding today) into the Monthly Memory.
3. Ensure you do not overwrite existing content, always append.


---
Agent Execution Output:

Agent Exit Code: 0
Agent Log: D:\workspace\Browser4Team\submodules\Browser4\coworker\tasks\300logs\2026\06\19\223539-The-changes-are-unstaged-want-me-to-commit-them.agent.log
