[2026-06-19 22:44:12] [INFO] Control repository root: D:\workspace\Browser4Team\submodules\Browser4
[2026-06-19 22:44:12] [INFO] Target repository root: D:\workspace\Browser4Team\submodules\Browser4\coworker\
[2026-06-19 22:44:12] [INFO] Agent working directory: D:\workspace\Browser4Team\submodules\Browser4\coworker\
[2026-06-19 22:44:12] [INFO] ===========================================================================
[2026-06-19 22:44:12] [INFO] Coworker Task Runner - PowerShell Version
[2026-06-19 22:44:12] [INFO] Started at: 06/19/2026 22:44:12
[2026-06-19 22:44:12] [INFO] Script Log: D:\workspace\Browser4Team\submodules\Browser4\coworker\tasks\300logs\2026\06\19\224412-coworker.log
[2026-06-19 22:44:12] [INFO] ==========================================================================
[2026-06-19 22:44:12] [INFO] [PREPARE] Task: 1.md
[2026-06-19 22:44:12] [INFO] [PREPARE] Task: 2.md
[2026-06-19 22:44:12] [INFO] [PREPARE] Task: 3.md
[2026-06-19 22:44:12] [INFO] [PREPARE] Task: 4.md
[2026-06-19 22:44:12] [INFO] [PREPARE] Task: 5.md
[2026-06-19 22:44:12] [INFO] [PREPARE] Task: README.md
[2026-06-19 22:44:12] [INFO] [PREPARE] Task: README.zh.md
[2026-06-19 22:44:12] [INFO] [COMPLETE] Task waiting for review: For-context-you-re-on-branch-4.11.x-and-there-are-modified-f.md
[2026-06-19 22:44:12] [INFO] [COMPLETE] Task waiting for review: The-changes-are-unstaged-want-me-to-commit-them.md
[2026-06-19 22:44:12] [INFO] [COMPLETE] Task waiting for review: What-would-you-like-me-to-help-with-If-you-have-a-specific-t.md
[2026-06-19 22:44:12] [INFO] [COMPLETE] Task waiting for review: What-would-you-like-me-to-plan.md
[2026-06-19 22:44:12] [INFO] [PUSHED] Task: Feel-free-to-describe-what-you-re-working-on-and-I-ll-help.md (updated 06/20/2026 06:27:00)
[2026-06-19 22:44:12] [INFO] [PUSHED] Task: Is-this-a-partial-message-that-got-cut-off.md (updated 06/20/2026 06:35:42)
[2026-06-19 22:44:12] [INFO] [PUSHED] Task: readme-update-browser4-tests-common-static.md (updated 06/20/2026 06:35:42)
[2026-06-19 22:44:12] [INFO] [PUSHED] Task: Something-else-entirely.md (updated 06/20/2026 06:27:00)
[2026-06-19 22:44:12] [DEBUG] renameScript path: D:\workspace\Browser4Team\submodules\Browser4\coworker\scripts\workers\rename.ps1
[2026-06-19 22:44:12] [DEBUG] Test-Path renameScript: True
[2026-06-19 22:44:35] [INFO] Renamed in created: 20260619-224402-readme-update-.mvn-README.md.md -> Something-else.md
[2026-06-19 22:44:35] [INFO] Moved to working: D:\workspace\Browser4Team\submodules\Browser4\coworker\tasks\2working\Something-else.md
[2026-06-19 22:44:35] [INFO] Memory context initialized via generator.
[2026-06-19 22:44:35] [DEBUG] Task log will be written to: D:\workspace\Browser4Team\submodules\Browser4\coworker\tasks\300logs\2026\06\19\224412-Something-else.task.log
[2026-06-19 22:44:35] [INFO] Executing agent for task: Something-else
[2026-06-19 22:44:35] [INFO] Task repositories -> control: D:\workspace\Browser4Team\submodules\Browser4 | target: D:\workspace\Browser4Team\submodules\Browser4\coworker\ | Agent cwd: D:\workspace\Browser4Team\submodules\Browser4\coworker\
[2026-06-19 22:44:35] [DEBUG] Prompt length: 1140 characters
[2026-06-19 22:44:35] [INFO] === Starting agent execution ===
[2026-06-19 22:44:35] [DEBUG] Task agent working directory: D:\workspace\Browser4Team\submodules\Browser4\coworker\
[2026-06-19 22:44:40] [INFO] Agent execution finished with exit code 0
[2026-06-19 22:44:40] [INFO] === Agent execution completed ===
[2026-06-19 22:44:40] [DEBUG] Agent external tool log: D:\workspace\Browser4Team\submodules\Browser4\coworker\tasks\300logs\2026\06\19\224412-Something-else.agent.log
[2026-06-19 22:44:40] [INFO] Task AUTO-APPROVED and moved to : D:\workspace\Browser4Team\submodules\Browser4\coworker\tasks\5approved\2026\0619\Something-else.md
[2026-06-19 22:44:40] [INFO] ---
[2026-06-19 22:44:40] [DEBUG] renameScript path: D:\workspace\Browser4Team\submodules\Browser4\coworker\scripts\workers\rename.ps1
[2026-06-19 22:44:40] [DEBUG] Test-Path renameScript: True
[2026-06-19 22:44:45] [INFO] Renamed in created: 20260619-224402-readme-update-browser4-tests-browser4-tests-common-src-main-resources-static-generated-README.md.md -> It-looks-like-you-typed-p-that-s-not-a-complete-command-or-q.md
[2026-06-19 22:44:45] [INFO] Moved to working: D:\workspace\Browser4Team\submodules\Browser4\coworker\tasks\2working\It-looks-like-you-typed-p-that-s-not-a-complete-command-or-q.md
[2026-06-19 22:44:45] [INFO] Memory context initialized via generator.
[2026-06-19 22:44:45] [DEBUG] Task log will be written to: D:\workspace\Browser4Team\submodules\Browser4\coworker\tasks\300logs\2026\06\19\224412-It-looks-like-you-typed-p-that-s-not-a-complete-command-or-q.task.log
[2026-06-19 22:44:45] [INFO] Executing agent for task: It-looks-like-you-typed-p-that-s-not-a-complete-command-or-q
[2026-06-19 22:44:45] [INFO] Task repositories -> control: D:\workspace\Browser4Team\submodules\Browser4 | target: D:\workspace\Browser4Team\submodules\Browser4\coworker\ | Agent cwd: D:\workspace\Browser4Team\submodules\Browser4\coworker\
[2026-06-19 22:44:45] [DEBUG] Prompt length: 1186 characters
[2026-06-19 22:44:45] [INFO] === Starting agent execution ===
[2026-06-19 22:44:45] [DEBUG] Task agent working directory: D:\workspace\Browser4Team\submodules\Browser4\coworker\
[2026-06-19 22:44:52] [INFO] Agent execution finished with exit code 0
[2026-06-19 22:44:52] [INFO] === Agent execution completed ===
[2026-06-19 22:44:52] [DEBUG] Agent external tool log: D:\workspace\Browser4Team\submodules\Browser4\coworker\tasks\300logs\2026\06\19\224412-It-looks-like-you-typed-p-that-s-not-a-complete-command-or-q.agent.log
[2026-06-19 22:44:52] [INFO] Task AUTO-APPROVED and moved to : D:\workspace\Browser4Team\submodules\Browser4\coworker\tasks\5approved\2026\0619\It-looks-like-you-typed-p-that-s-not-a-complete-command-or-q.md
[2026-06-19 22:44:52] [INFO] ---
[2026-06-19 22:44:52] [INFO] ===========================================================================
[2026-06-19 22:44:52] [INFO] All tasks completed
[2026-06-19 22:44:52] [INFO] Ended at: 06/19/2026 22:44:52
[2026-06-19 22:44:52] [INFO] Script Log: D:\workspace\Browser4Team\submodules\Browser4\coworker\tasks\300logs\2026\06\19\224412-coworker.log
[2026-06-19 22:44:52] [INFO] ==========================================================================
