[2026-06-19 22:44:53] [INFO] Control repository root: D:\workspace\Browser4Team\submodules\Browser4
[2026-06-19 22:44:53] [INFO] Target repository root: D:\workspace\Browser4Team\submodules\Browser4\coworker\
[2026-06-19 22:44:53] [INFO] Agent working directory: D:\workspace\Browser4Team\submodules\Browser4\coworker\
[2026-06-19 22:44:53] [INFO] ===========================================================================
[2026-06-19 22:44:53] [INFO] Coworker Task Runner - PowerShell Version
[2026-06-19 22:44:53] [INFO] Started at: 06/19/2026 22:44:53
[2026-06-19 22:44:53] [INFO] Script Log: D:\workspace\Browser4Team\submodules\Browser4\coworker\tasks\300logs\2026\06\19\224453-coworker.log
[2026-06-19 22:44:53] [INFO] ==========================================================================
[2026-06-19 22:44:53] [INFO] [PREPARE] Task: 1.md
[2026-06-19 22:44:53] [INFO] [PREPARE] Task: 2.md
[2026-06-19 22:44:53] [INFO] [PREPARE] Task: 3.md
[2026-06-19 22:44:53] [INFO] [PREPARE] Task: 4.md
[2026-06-19 22:44:53] [INFO] [PREPARE] Task: 5.md
[2026-06-19 22:44:53] [INFO] [PREPARE] Task: README.md
[2026-06-19 22:44:53] [INFO] [PREPARE] Task: README.zh.md
[2026-06-19 22:44:53] [INFO] [COMPLETE] Task waiting for review: For-context-you-re-on-branch-4.11.x-and-there-are-modified-f.md
[2026-06-19 22:44:53] [INFO] [COMPLETE] Task waiting for review: The-changes-are-unstaged-want-me-to-commit-them.md
[2026-06-19 22:44:53] [INFO] [COMPLETE] Task waiting for review: What-would-you-like-me-to-help-with-If-you-have-a-specific-t.md
[2026-06-19 22:44:53] [INFO] [COMPLETE] Task waiting for review: What-would-you-like-me-to-plan.md
[2026-06-19 22:44:53] [INFO] Task moved to pushed: D:\workspace\Browser4Team\submodules\Browser4\coworker\tasks\6git-pushed\2026\0619\It-looks-like-you-typed-p-that-s-not-a-complete-command-or-q.md
[2026-06-19 22:44:53] [INFO] Task moved to pushed: D:\workspace\Browser4Team\submodules\Browser4\coworker\tasks\6git-pushed\2026\0619\Something-else.md
[2026-06-19 22:44:53] [INFO] Executing commit script for approved tasks...
[2026-06-19 22:45:08] [INFO] Git sync executed successfully.
[2026-06-19 22:45:08] [INFO] [PUSHED] Task: Feel-free-to-describe-what-you-re-working-on-and-I-ll-help.md (updated 06/20/2026 06:27:00)
[2026-06-19 22:45:08] [INFO] [PUSHED] Task: Is-this-a-partial-message-that-got-cut-off.md (updated 06/20/2026 06:35:42)
[2026-06-19 22:45:08] [INFO] [PUSHED] Task: It-looks-like-you-typed-p-that-s-not-a-complete-command-or-q.md (updated 06/20/2026 06:44:05)
[2026-06-19 22:45:08] [INFO] [PUSHED] Task: readme-update-browser4-tests-common-static.md (updated 06/20/2026 06:35:42)
[2026-06-19 22:45:08] [INFO] [PUSHED] Task: Something-else-entirely.md (updated 06/20/2026 06:27:00)
[2026-06-19 22:45:08] [INFO] [PUSHED] Task: Something-else.md (updated 06/20/2026 06:44:05)
[2026-06-19 22:45:08] [DEBUG] renameScript path: D:\workspace\Browser4Team\submodules\Browser4\coworker\scripts\workers\rename.ps1
[2026-06-19 22:45:08] [DEBUG] Test-Path renameScript: True
[2026-06-19 22:45:20] [INFO] Renamed in created: 20260619-224411-readme-update-.mvn-README.md.md -> What-would-you-like-me-to-do.md
[2026-06-19 22:45:20] [INFO] Moved to working: D:\workspace\Browser4Team\submodules\Browser4\coworker\tasks\2working\What-would-you-like-me-to-do.md
[2026-06-19 22:45:20] [INFO] Memory context initialized via generator.
[2026-06-19 22:45:20] [DEBUG] Task log will be written to: D:\workspace\Browser4Team\submodules\Browser4\coworker\tasks\300logs\2026\06\19\224453-What-would-you-like-me-to-do.task.log
[2026-06-19 22:45:20] [INFO] Executing agent for task: What-would-you-like-me-to-do
[2026-06-19 22:45:20] [INFO] Task repositories -> control: D:\workspace\Browser4Team\submodules\Browser4 | target: D:\workspace\Browser4Team\submodules\Browser4\coworker\ | Agent cwd: D:\workspace\Browser4Team\submodules\Browser4\coworker\
[2026-06-19 22:45:20] [DEBUG] Prompt length: 1154 characters
[2026-06-19 22:45:20] [INFO] === Starting agent execution ===
[2026-06-19 22:45:20] [DEBUG] Task agent working directory: D:\workspace\Browser4Team\submodules\Browser4\coworker\
[2026-06-19 22:45:37] [INFO] Agent execution finished with exit code 0
[2026-06-19 22:45:37] [INFO] === Agent execution completed ===
[2026-06-19 22:45:37] [DEBUG] Agent external tool log: D:\workspace\Browser4Team\submodules\Browser4\coworker\tasks\300logs\2026\06\19\224453-What-would-you-like-me-to-do.agent.log
[2026-06-19 22:45:37] [INFO] Task AUTO-APPROVED and moved to : D:\workspace\Browser4Team\submodules\Browser4\coworker\tasks\5approved\2026\0619\What-would-you-like-me-to-do.md
[2026-06-19 22:45:37] [INFO] ---
[2026-06-19 22:45:37] [DEBUG] renameScript path: D:\workspace\Browser4Team\submodules\Browser4\coworker\scripts\workers\rename.ps1
[2026-06-19 22:45:37] [DEBUG] Test-Path renameScript: True
[2026-06-19 22:45:43] [INFO] Renamed in created: 20260619-224411-readme-update-browser4-tests-browser4-tests-common-src-main-resources-static-generated-README.md.md -> Let-me-know-and-I-ll-help.md
[2026-06-19 22:45:43] [INFO] Moved to working: D:\workspace\Browser4Team\submodules\Browser4\coworker\tasks\2working\Let-me-know-and-I-ll-help.md
[2026-06-19 22:45:43] [INFO] Memory context initialized via generator.
[2026-06-19 22:45:43] [DEBUG] Task log will be written to: D:\workspace\Browser4Team\submodules\Browser4\coworker\tasks\300logs\2026\06\19\224453-Let-me-know-and-I-ll-help.task.log
[2026-06-19 22:45:43] [INFO] Executing agent for task: Let-me-know-and-I-ll-help
[2026-06-19 22:45:43] [INFO] Task repositories -> control: D:\workspace\Browser4Team\submodules\Browser4 | target: D:\workspace\Browser4Team\submodules\Browser4\coworker\ | Agent cwd: D:\workspace\Browser4Team\submodules\Browser4\coworker\
[2026-06-19 22:45:43] [DEBUG] Prompt length: 1151 characters
[2026-06-19 22:45:43] [INFO] === Starting agent execution ===
[2026-06-19 22:45:43] [DEBUG] Task agent working directory: D:\workspace\Browser4Team\submodules\Browser4\coworker\
[2026-06-19 22:45:51] [INFO] Agent execution finished with exit code 0
[2026-06-19 22:45:51] [INFO] === Agent execution completed ===
[2026-06-19 22:45:51] [DEBUG] Agent external tool log: D:\workspace\Browser4Team\submodules\Browser4\coworker\tasks\300logs\2026\06\19\224453-Let-me-know-and-I-ll-help.agent.log
[2026-06-19 22:45:51] [INFO] Task AUTO-APPROVED and moved to : D:\workspace\Browser4Team\submodules\Browser4\coworker\tasks\5approved\2026\0619\Let-me-know-and-I-ll-help.md
[2026-06-19 22:45:51] [INFO] ---
[2026-06-19 22:45:51] [INFO] ===========================================================================
[2026-06-19 22:45:51] [INFO] All tasks completed
[2026-06-19 22:45:51] [INFO] Ended at: 06/19/2026 22:45:51
[2026-06-19 22:45:51] [INFO] Script Log: D:\workspace\Browser4Team\submodules\Browser4\coworker\tasks\300logs\2026\06\19\224453-coworker.log
[2026-06-19 22:45:51] [INFO] ==========================================================================
