[2026-06-19 22:45:52] [INFO] Control repository root: D:\workspace\Browser4Team\submodules\Browser4
[2026-06-19 22:45:52] [INFO] Target repository root: D:\workspace\Browser4Team\submodules\Browser4\coworker\
[2026-06-19 22:45:52] [INFO] Agent working directory: D:\workspace\Browser4Team\submodules\Browser4\coworker\
[2026-06-19 22:45:52] [INFO] ===========================================================================
[2026-06-19 22:45:52] [INFO] Coworker Task Runner - PowerShell Version
[2026-06-19 22:45:52] [INFO] Started at: 06/19/2026 22:45:52
[2026-06-19 22:45:52] [INFO] Script Log: D:\workspace\Browser4Team\submodules\Browser4\coworker\tasks\300logs\2026\06\19\224552-coworker.log
[2026-06-19 22:45:52] [INFO] ==========================================================================
[2026-06-19 22:45:53] [INFO] [PREPARE] Task: 1.md
[2026-06-19 22:45:53] [INFO] [PREPARE] Task: 2.md
[2026-06-19 22:45:53] [INFO] [PREPARE] Task: 3.md
[2026-06-19 22:45:53] [INFO] [PREPARE] Task: 4.md
[2026-06-19 22:45:53] [INFO] [PREPARE] Task: 5.md
[2026-06-19 22:45:53] [INFO] [PREPARE] Task: README.md
[2026-06-19 22:45:53] [INFO] [PREPARE] Task: README.zh.md
[2026-06-19 22:45:53] [INFO] [COMPLETE] Task waiting for review: For-context-you-re-on-branch-4.11.x-and-there-are-modified-f.md
[2026-06-19 22:45:53] [INFO] [COMPLETE] Task waiting for review: The-changes-are-unstaged-want-me-to-commit-them.md
[2026-06-19 22:45:53] [INFO] [COMPLETE] Task waiting for review: What-would-you-like-me-to-help-with-If-you-have-a-specific-t.md
[2026-06-19 22:45:53] [INFO] [COMPLETE] Task waiting for review: What-would-you-like-me-to-plan.md
[2026-06-19 22:45:53] [INFO] Task moved to pushed: D:\workspace\Browser4Team\submodules\Browser4\coworker\tasks\6git-pushed\2026\0619\Let-me-know-and-I-ll-help.md
[2026-06-19 22:45:53] [INFO] Task moved to pushed: D:\workspace\Browser4Team\submodules\Browser4\coworker\tasks\6git-pushed\2026\0619\What-would-you-like-me-to-do.md
[2026-06-19 22:45:53] [INFO] Executing commit script for approved tasks...
