[2026-05-26 11:46:52] [INFO] Control repository root: D:\workspace\Browser4\Browser4-4.9
[2026-05-26 11:46:52] [INFO] Target repository root: D:\workspace\Browser4\Browser4-4.9
[2026-05-26 11:46:52] [INFO] Agent working directory: D:\workspace\Browser4\Browser4-4.9
[2026-05-26 11:46:52] [INFO] ===========================================================================
[2026-05-26 11:46:52] [INFO] Coworker Task Runner - PowerShell Version
[2026-05-26 11:46:52] [INFO] Started at: 05/26/2026 11:46:52
[2026-05-26 11:46:52] [INFO] Script Log: D:\workspace\Browser4\Browser4-4.9\coworker\tasks\300logs\2026\05\26\114652-coworker.log
[2026-05-26 11:46:52] [INFO] ==========================================================================
[2026-05-26 11:46:52] [INFO] [PREPARE] Task: 1.md
[2026-05-26 11:46:52] [INFO] [PREPARE] Task: 2.md
[2026-05-26 11:46:52] [INFO] [PREPARE] Task: 3.md
[2026-05-26 11:46:52] [INFO] [PREPARE] Task: 4.md
[2026-05-26 11:46:52] [INFO] [PREPARE] Task: 5.md
[2026-05-26 11:46:52] [INFO] [PREPARE] Task: README.md
[2026-05-26 11:46:52] [INFO] [PREPARE] Task: README.zh.md
[2026-05-26 11:46:53] [DEBUG] renameScript path: D:\workspace\Browser4\Browser4-4.9\coworker\scripts\workers\rename.ps1
[2026-05-26 11:46:53] [DEBUG] Test-Path renameScript: True
[2026-05-26 11:46:53] [DEBUG] Rename returned invalid name: Error: Start-Process failed
[2026-05-26 11:46:55] [DEBUG] Rename returned invalid name: Error: Start-Process failed
[2026-05-26 11:46:57] [DEBUG] Rename returned invalid name: Error: Start-Process failed
[2026-05-26 11:46:57] [WARN] Renaming failed after 3 attempts. Using fallback safe title.
[2026-05-26 11:46:57] [INFO] Moved to working: D:\workspace\Browser4\Browser4-4.9\coworker\tasks\2working\1.md
[2026-05-26 11:46:57] [INFO] Memory context initialized via generator.
[2026-05-26 11:46:57] [DEBUG] Task log will be written to: D:\workspace\Browser4\Browser4-4.9\coworker\tasks\300logs\2026\05\26\114652-1.task.log
[2026-05-26 11:46:57] [INFO] Executing agent for task: 1
[2026-05-26 11:46:57] [INFO] Task repositories -> control: D:\workspace\Browser4\Browser4-4.9 | target: D:\workspace\Browser4\Browser4-4.9 | Agent cwd: D:\workspace\Browser4\Browser4-4.9
[2026-05-26 11:46:57] [DEBUG] Prompt length: 1072 characters
[2026-05-26 11:46:57] [INFO] === Starting agent execution ===
[2026-05-26 11:46:57] [DEBUG] Task agent working directory: D:\workspace\Browser4\Browser4-4.9
[2026-05-26 11:46:57] [ERROR] Failed to execute agent: This command cannot be run due to the error: 系统找不到指定的文件。
[2026-05-26 11:46:57] [INFO] Task moved to finished : D:\workspace\Browser4\Browser4-4.9\coworker\tasks\3_1complete\2026\0526\1.md
[2026-05-26 11:46:57] [INFO] ---
[2026-05-26 11:46:57] [INFO] ===========================================================================
[2026-05-26 11:46:57] [INFO] All tasks completed
[2026-05-26 11:46:57] [INFO] Ended at: 05/26/2026 11:46:57
[2026-05-26 11:46:57] [INFO] Script Log: D:\workspace\Browser4\Browser4-4.9\coworker\tasks\300logs\2026\05\26\114652-coworker.log
[2026-05-26 11:46:57] [INFO] ==========================================================================
