[2026-05-26 11:49:39] [INFO] Control repository root: D:\workspace\Browser4\Browser4-4.9
[2026-05-26 11:49:39] [INFO] Target repository root: D:\workspace\Browser4\Browser4-4.9
[2026-05-26 11:49:39] [INFO] Agent working directory: D:\workspace\Browser4\Browser4-4.9
[2026-05-26 11:49:39] [INFO] ===========================================================================
[2026-05-26 11:49:39] [INFO] Coworker Task Runner - PowerShell Version
[2026-05-26 11:49:39] [INFO] Started at: 05/26/2026 11:49:39
[2026-05-26 11:49:39] [INFO] Script Log: D:\workspace\Browser4\Browser4-4.9\coworker\tasks\300logs\2026\05\26\114939-coworker.log
[2026-05-26 11:49:39] [INFO] ==========================================================================
[2026-05-26 11:49:39] [INFO] [PREPARE] Task: 1.md
[2026-05-26 11:49:39] [INFO] [PREPARE] Task: 2.md
[2026-05-26 11:49:39] [INFO] [PREPARE] Task: 3.md
[2026-05-26 11:49:39] [INFO] [PREPARE] Task: 4.md
[2026-05-26 11:49:39] [INFO] [PREPARE] Task: 5.md
[2026-05-26 11:49:39] [INFO] [PREPARE] Task: README.md
[2026-05-26 11:49:39] [INFO] [PREPARE] Task: README.zh.md
[2026-05-26 11:49:39] [INFO] [COMPLETE] Task waiting for review: 1.md
[2026-05-26 11:49:39] [INFO] ===========================================================================
[2026-05-26 11:49:39] [INFO] All tasks completed
[2026-05-26 11:49:39] [INFO] Ended at: 05/26/2026 11:49:39
[2026-05-26 11:49:39] [INFO] Script Log: D:\workspace\Browser4\Browser4-4.9\coworker\tasks\300logs\2026\05\26\114939-coworker.log
[2026-05-26 11:49:39] [INFO] ==========================================================================
