[2026-05-26 11:49:54] [INFO] Control repository root: D:\workspace\Browser4\Browser4-4.9
[2026-05-26 11:49:54] [INFO] Target repository root: D:\workspace\Browser4\Browser4-4.9
[2026-05-26 11:49:54] [INFO] Agent working directory: D:\workspace\Browser4\Browser4-4.9
[2026-05-26 11:49:54] [INFO] ===========================================================================
[2026-05-26 11:49:54] [INFO] Coworker Task Runner - PowerShell Version
[2026-05-26 11:49:54] [INFO] Started at: 05/26/2026 11:49:54
[2026-05-26 11:49:54] [INFO] Script Log: D:\workspace\Browser4\Browser4-4.9\coworker\tasks\300logs\2026\05\26\114954-coworker.log
[2026-05-26 11:49:54] [INFO] ==========================================================================
[2026-05-26 11:49:54] [INFO] [PREPARE] Task: 1.md
[2026-05-26 11:49:54] [INFO] [PREPARE] Task: 2.md
[2026-05-26 11:49:54] [INFO] [PREPARE] Task: 3.md
[2026-05-26 11:49:54] [INFO] [PREPARE] Task: 4.md
[2026-05-26 11:49:54] [INFO] [PREPARE] Task: 5.md
[2026-05-26 11:49:54] [INFO] [PREPARE] Task: README.md
[2026-05-26 11:49:54] [INFO] [PREPARE] Task: README.zh.md
[2026-05-26 11:49:54] [DEBUG] renameScript path: D:\workspace\Browser4\Browser4-4.9\coworker\scripts\workers\rename.ps1
[2026-05-26 11:49:54] [DEBUG] Test-Path renameScript: True
[2026-05-26 11:50:50] [INFO] Renamed in created: 1.md -> add-storage-state-commands.md
[2026-05-26 11:50:50] [INFO] Moved to working: D:\workspace\Browser4\Browser4-4.9\coworker\tasks\2working\add-storage-state-commands.md
[2026-05-26 11:50:50] [INFO] Memory context initialized via generator.
[2026-05-26 11:50:50] [DEBUG] Task log will be written to: D:\workspace\Browser4\Browser4-4.9\coworker\tasks\300logs\2026\05\26\114954-add-storage-state-commands.task.log
[2026-05-26 11:50:50] [INFO] Executing agent for task: add-storage-state-commands
[2026-05-26 11:50:50] [INFO] Task repositories -> control: D:\workspace\Browser4\Browser4-4.9 | target: D:\workspace\Browser4\Browser4-4.9 | Agent cwd: D:\workspace\Browser4\Browser4-4.9
[2026-05-26 11:50:50] [DEBUG] Prompt length: 1097 characters
[2026-05-26 11:50:50] [INFO] === Starting agent execution ===
[2026-05-26 11:50:50] [DEBUG] Task agent working directory: D:\workspace\Browser4\Browser4-4.9
[2026-05-26 12:15:25] [INFO] Agent execution finished with exit code 
[2026-05-26 12:15:25] [INFO] === Agent execution completed ===
[2026-05-26 12:15:25] [DEBUG] Agent external tool log: D:\workspace\Browser4\Browser4-4.9\coworker\tasks\300logs\2026\05\26\114954-add-storage-state-commands.agent.log
[2026-05-26 12:15:25] [WARN] Warning: agent exited with non-zero code. Check log: D:\workspace\Browser4\Browser4-4.9\coworker\tasks\300logs\2026\05\26\114954-add-storage-state-commands.agent.log
[2026-05-26 12:15:25] [INFO] Task moved to finished : D:\workspace\Browser4\Browser4-4.9\coworker\tasks\3_1complete\2026\0526\add-storage-state-commands.md
[2026-05-26 12:15:25] [INFO] ---
[2026-05-26 12:15:25] [INFO] ===========================================================================
[2026-05-26 12:15:25] [INFO] All tasks completed
[2026-05-26 12:15:25] [INFO] Ended at: 05/26/2026 12:15:25
[2026-05-26 12:15:25] [INFO] Script Log: D:\workspace\Browser4\Browser4-4.9\coworker\tasks\300logs\2026\05\26\114954-coworker.log
[2026-05-26 12:15:25] [INFO] ==========================================================================
