[2026-05-26 12:25:47] [INFO] Control repository root: D:\workspace\Browser4\Browser4-4.9
[2026-05-26 12:25:47] [INFO] Target repository root: D:\workspace\Browser4\Browser4-4.9
[2026-05-26 12:25:47] [INFO] Agent working directory: D:\workspace\Browser4\Browser4-4.9
[2026-05-26 12:25:47] [INFO] ===========================================================================
[2026-05-26 12:25:47] [INFO] Coworker Task Runner - PowerShell Version
[2026-05-26 12:25:47] [INFO] Started at: 05/26/2026 12:25:47
[2026-05-26 12:25:47] [INFO] Script Log: D:\workspace\Browser4\Browser4-4.9\coworker\tasks\300logs\2026\05\26\122547-coworker.log
[2026-05-26 12:25:47] [INFO] ==========================================================================
[2026-05-26 12:25:47] [INFO] Created missing draft placeholder: D:\workspace\Browser4\Browser4-4.9\coworker\tasks\0draft\1.md
[2026-05-26 12:25:47] [INFO] [PREPARE] Task: 1.md
[2026-05-26 12:25:47] [INFO] [PREPARE] Task: 2.md
[2026-05-26 12:25:47] [INFO] [PREPARE] Task: 3.md
[2026-05-26 12:25:47] [INFO] [PREPARE] Task: 4.md
[2026-05-26 12:25:47] [INFO] [PREPARE] Task: 5.md
[2026-05-26 12:25:47] [INFO] [PREPARE] Task: README.md
[2026-05-26 12:25:47] [INFO] [PREPARE] Task: README.zh.md
[2026-05-26 12:25:47] [INFO] [COMPLETE] Task waiting for review: add-storage-state-commands.md
[2026-05-26 12:25:47] [DEBUG] renameScript path: D:\workspace\Browser4\Browser4-4.9\coworker\scripts\workers\rename.ps1
[2026-05-26 12:25:47] [DEBUG] Test-Path renameScript: True
[2026-05-26 12:26:01] [INFO] Renamed in created: 1.md -> implement-storage-state-commands.md
[2026-05-26 12:26:01] [INFO] Moved to working: D:\workspace\Browser4\Browser4-4.9\coworker\tasks\2working\implement-storage-state-commands.md
[2026-05-26 12:26:01] [INFO] Memory context initialized via generator.
[2026-05-26 12:26:01] [DEBUG] Task log will be written to: D:\workspace\Browser4\Browser4-4.9\coworker\tasks\300logs\2026\05\26\122547-implement-storage-state-commands.task.log
[2026-05-26 12:26:01] [INFO] Executing agent for task: implement-storage-state-commands
[2026-05-26 12:26:01] [INFO] Task repositories -> control: D:\workspace\Browser4\Browser4-4.9 | target: D:\workspace\Browser4\Browser4-4.9 | Agent cwd: D:\workspace\Browser4\Browser4-4.9
[2026-05-26 12:26:01] [DEBUG] Prompt length: 2251 characters
[2026-05-26 12:26:01] [INFO] === Starting agent execution ===
[2026-05-26 12:26:01] [DEBUG] Task agent working directory: D:\workspace\Browser4\Browser4-4.9
[2026-05-26 12:43:15] [INFO] Agent execution finished with exit code 0
[2026-05-26 12:43:15] [INFO] === Agent execution completed ===
[2026-05-26 12:43:15] [DEBUG] Agent external tool log: D:\workspace\Browser4\Browser4-4.9\coworker\tasks\300logs\2026\05\26\122547-implement-storage-state-commands.agent.log
[2026-05-26 12:43:15] [INFO] Task moved to finished : D:\workspace\Browser4\Browser4-4.9\coworker\tasks\3_1complete\2026\0526\implement-storage-state-commands.md
[2026-05-26 12:43:15] [INFO] ---
[2026-05-26 12:43:15] [INFO] ===========================================================================
[2026-05-26 12:43:15] [INFO] All tasks completed
[2026-05-26 12:43:15] [INFO] Ended at: 05/26/2026 12:43:15
[2026-05-26 12:43:15] [INFO] Script Log: D:\workspace\Browser4\Browser4-4.9\coworker\tasks\300logs\2026\05\26\122547-coworker.log
[2026-05-26 12:43:15] [INFO] ==========================================================================
