[2026-04-30 09:01:23] [INFO] ===========================================================================
[2026-04-30 09:01:24] [INFO] Coworker Task Runner - PowerShell Version
[2026-04-30 09:01:24] [INFO] Started at: 04/30/2026 09:01:23
[2026-04-30 09:01:24] [INFO] Script Log: /home/vincent/workspace/Browser4/coworker/tasks/300logs/2026/04/30/090123-coworker.log
[2026-04-30 09:01:24] [INFO] ==========================================================================
[2026-04-30 09:01:24] [INFO] [PREPARE] Task: 1.md
[2026-04-30 09:01:24] [INFO] [PREPARE] Task: 2.md
[2026-04-30 09:01:24] [INFO] [PREPARE] Task: 3.md
[2026-04-30 09:01:24] [INFO] [PREPARE] Task: 4.md
[2026-04-30 09:01:24] [INFO] [PREPARE] Task: 5.md
[2026-04-30 09:01:24] [INFO] [PREPARE] Task: README.md
[2026-04-30 09:01:24] [INFO] [PREPARE] Task: README.zh.md
[2026-04-30 09:01:24] [INFO] Task moved to pushed: /home/vincent/workspace/Browser4/coworker/tasks/6git-pushed/2026/0430/fix-e2e-kill-warnings.md
[2026-04-30 09:01:24] [INFO] Task moved to pushed: /home/vincent/workspace/Browser4/coworker/tasks/6git-pushed/2026/0430/split-long-e2e-tests.md
[2026-04-30 09:01:24] [INFO] Executing commit script for approved tasks...
[2026-04-30 09:01:43] [ERROR] Git sync failed with exit code 1.
[2026-04-30 09:01:43] [INFO] ===========================================================================
[2026-04-30 09:01:43] [INFO] All tasks completed
[2026-04-30 09:01:43] [INFO] Ended at: 04/30/2026 09:01:43
[2026-04-30 09:01:43] [INFO] Script Log: /home/vincent/workspace/Browser4/coworker/tasks/300logs/2026/04/30/090123-coworker.log
[2026-04-30 09:01:43] [INFO] ==========================================================================
